{"synthetic": false,
 "schemaVersion": "2025-09-10",
 "outputs":
 {"o": ["84aac3292356f6fb.olean"],
  "m": false,
  "i": "12283dcb2f2f0a70.ilean",
  "c": "e23ac5c0bfb3ebcf.c"},
 "log":
 [{"message":
   ".> LEAN_PATH=/home/mega/4Leibniz/.lake/build/lib/lean /home/mega/.elan/toolchains/leanprover--lean4---v4.33.1/bin/lean /home/mega/4Leibniz/Leibniz.lean -o /home/mega/4Leibniz/.lake/build/lib/lean/Leibniz.olean -i /home/mega/4Leibniz/.lake/build/lib/lean/Leibniz.ilean -c /home/mega/4Leibniz/.lake/build/ir/Leibniz.c --setup /home/mega/4Leibniz/.lake/build/ir/Leibniz.setup.json --json",
   "level": "trace"}],
 "inputs":
 [["deps",
   [["Leibniz/Leibniz:extraDep", [["@Leibniz:extraDep", "00000000000006bb"]]],
    ["imports",
     [["Leibniz.Characteristica transitive imports (legacy)",
       "00000000000006bb"],
      ["Leibniz.Characteristica:importAllArts", "634a6e2cf38d7106"],
      ["Leibniz.SpatiumRelativum transitive imports (legacy)",
       "53b358de8fd66866"],
      ["Leibniz.SpatiumRelativum:importAllArts", "d9a0dd08ff01d724"],
      ["Leibniz.VisViva transitive imports (legacy)", "00000000000006bb"],
      ["Leibniz.VisViva:importAllArts", "336959ac3c019d84"],
      ["Leibniz.LexContinuitatis transitive imports (legacy)",
       "00000000000006bb"],
      ["Leibniz.LexContinuitatis:importAllArts", "fa8a9e4b2483bad9"],
      ["Leibniz.Harmonia transitive imports (legacy)", "94d109b02b40da06"],
      ["Leibniz.Harmonia:importAllArts", "fa80c59e8e7610f6"],
      ["Leibniz.Calculemus transitive imports (legacy)", "5401416323306edf"],
      ["Leibniz.Calculemus:importAllArts", "bfa589f8ca435342"]]]]],
  ["libs",
   [["import dynlibs", "00000000000006bb"],
    ["package external libraries", "00000000000006bb"],
    ["module dynlibs", "00000000000006bb"],
    ["module plugins", "00000000000006bb"]]],
  ["Lean 4.33.1, commit 819816b2e0a3bf405af45ae5c7af2491d8f5bee6",
   "0051240b7c23c453"],
  ["/home/mega/4Leibniz/Leibniz.lean", "0b6fe038e951634c"],
  ["options", "00000000000006bb"],
  ["isModule: false", "feefd2a0d3a1847e"],
  ["Module.name: Leibniz", "0db36013b76b2881"],
  ["Package.id?: (some Leibniz)", "a21a55fee1a85f58"],
  ["Module.leanArgs: #[]", "00000000000006bb"]],
 "depHash": "859a187e3cd6c6fe"}