{"synthetic": false,
 "schemaVersion": "2025-09-10",
 "outputs":
 {"o": ["1e61cb739b5ddbee.olean"],
  "m": false,
  "i": "14f5bd88d66c0d3a.ilean",
  "c": "93d681f3eec781b8.c"},
 "log":
 [{"message":
   ".> LEAN_PATH=/home/mega/4Leibniz/.lake/build/lib/lean /home/mega/.elan/toolchains/leanprover--lean4---v4.33.1/bin/lean /home/mega/4Leibniz/Leibniz/Calculemus.lean -o /home/mega/4Leibniz/.lake/build/lib/lean/Leibniz/Calculemus.olean -i /home/mega/4Leibniz/.lake/build/lib/lean/Leibniz/Calculemus.ilean -c /home/mega/4Leibniz/.lake/build/ir/Leibniz/Calculemus.c --setup /home/mega/4Leibniz/.lake/build/ir/Leibniz/Calculemus.setup.json --json",
   "level": "trace"}],
 "inputs":
 [["deps",
   [["Leibniz/Leibniz:extraDep", [["@Leibniz:extraDep", "00000000000006bb"]]],
    ["imports",
     [["Leibniz.Characteristica transitive imports (legacy)",
       "00000000000006bb"],
      ["Leibniz.Characteristica:importAllArts", "634a6e2cf38d7106"],
      ["Leibniz.SpatiumRelativum transitive imports (legacy)",
       "53b358de8fd66866"],
      ["Leibniz.SpatiumRelativum:importAllArts", "d9a0dd08ff01d724"],
      ["Leibniz.VisViva transitive imports (legacy)", "00000000000006bb"],
      ["Leibniz.VisViva:importAllArts", "336959ac3c019d84"],
      ["Leibniz.LexContinuitatis transitive imports (legacy)",
       "00000000000006bb"],
      ["Leibniz.LexContinuitatis:importAllArts", "fa8a9e4b2483bad9"],
      ["Leibniz.Harmonia transitive imports (legacy)", "94d109b02b40da06"],
      ["Leibniz.Harmonia:importAllArts", "fa80c59e8e7610f6"]]]]],
  ["libs",
   [["import dynlibs", "00000000000006bb"],
    ["package external libraries", "00000000000006bb"],
    ["module dynlibs", "00000000000006bb"],
    ["module plugins", "00000000000006bb"]]],
  ["Lean 4.33.1, commit 819816b2e0a3bf405af45ae5c7af2491d8f5bee6",
   "0051240b7c23c453"],
  ["/home/mega/4Leibniz/Leibniz/Calculemus.lean", "1bbcf9ee37264112"],
  ["options", "00000000000006bb"],
  ["isModule: false", "feefd2a0d3a1847e"],
  ["Module.name: Leibniz.Calculemus", "14aecd8017b990e7"],
  ["Package.id?: (some Leibniz)", "a21a55fee1a85f58"],
  ["Module.leanArgs: #[]", "00000000000006bb"]],
 "depHash": "0700df1bfb3897d3"}