{"synthetic": false,
 "schemaVersion": "2025-09-10",
 "outputs":
 {"o": ["48656b4a56e591d2.olean"],
  "m": false,
  "i": "730c864f1eef358f.ilean",
  "c": "222a8846c9137bde.c"},
 "log":
 [{"message":
   ".> LEAN_PATH=/home/mega/4Leibniz/.lake/build/lib/lean /home/mega/.elan/toolchains/leanprover--lean4---v4.33.1/bin/lean /home/mega/4Leibniz/Leibniz/Characteristica.lean -o /home/mega/4Leibniz/.lake/build/lib/lean/Leibniz/Characteristica.olean -i /home/mega/4Leibniz/.lake/build/lib/lean/Leibniz/Characteristica.ilean -c /home/mega/4Leibniz/.lake/build/ir/Leibniz/Characteristica.c --setup /home/mega/4Leibniz/.lake/build/ir/Leibniz/Characteristica.setup.json --json",
   "level": "trace"}],
 "inputs":
 [["deps",
   [["Leibniz/Leibniz:extraDep", [["@Leibniz:extraDep", "00000000000006bb"]]],
    ["imports", "00000000000006bb"]]],
  ["libs",
   [["import dynlibs", "00000000000006bb"],
    ["package external libraries", "00000000000006bb"],
    ["module dynlibs", "00000000000006bb"],
    ["module plugins", "00000000000006bb"]]],
  ["Lean 4.33.1, commit 819816b2e0a3bf405af45ae5c7af2491d8f5bee6",
   "0051240b7c23c453"],
  ["/home/mega/4Leibniz/Leibniz/Characteristica.lean", "9418f44594f54e93"],
  ["options", "00000000000006bb"],
  ["isModule: false", "feefd2a0d3a1847e"],
  ["Module.name: Leibniz.Characteristica", "a61642bc91f3581c"],
  ["Package.id?: (some Leibniz)", "a21a55fee1a85f58"],
  ["Module.leanArgs: #[]", "00000000000006bb"]],
 "depHash": "6c57624c82024d35"}