{"synthetic": false,
 "schemaVersion": "2025-09-10",
 "outputs":
 {"o": ["e0cdbe09ad903600.olean"],
  "m": false,
  "i": "5bb5d2dddbad5ab4.ilean",
  "c": "115ea7796a237489.c"},
 "log":
 [{"message":
   ".> LEAN_PATH=/home/mega/4Leibniz/.lake/build/lib/lean /home/mega/.elan/toolchains/leanprover--lean4---v4.33.1/bin/lean /home/mega/4Leibniz/Leibniz/Harmonia.lean -o /home/mega/4Leibniz/.lake/build/lib/lean/Leibniz/Harmonia.olean -i /home/mega/4Leibniz/.lake/build/lib/lean/Leibniz/Harmonia.ilean -c /home/mega/4Leibniz/.lake/build/ir/Leibniz/Harmonia.c --setup /home/mega/4Leibniz/.lake/build/ir/Leibniz/Harmonia.setup.json --json",
   "level": "trace"}],
 "inputs":
 [["deps",
   [["Leibniz/Leibniz:extraDep", [["@Leibniz:extraDep", "00000000000006bb"]]],
    ["imports",
     [["Leibniz.LexContinuitatis transitive imports (legacy)",
       "00000000000006bb"],
      ["Leibniz.LexContinuitatis:importAllArts", "fa8a9e4b2483bad9"]]]]],
  ["libs",
   [["import dynlibs", "00000000000006bb"],
    ["package external libraries", "00000000000006bb"],
    ["module dynlibs", "00000000000006bb"],
    ["module plugins", "00000000000006bb"]]],
  ["Lean 4.33.1, commit 819816b2e0a3bf405af45ae5c7af2491d8f5bee6",
   "0051240b7c23c453"],
  ["/home/mega/4Leibniz/Leibniz/Harmonia.lean", "b78c367c0e23b27c"],
  ["options", "00000000000006bb"],
  ["isModule: false", "feefd2a0d3a1847e"],
  ["Module.name: Leibniz.Harmonia", "6899a30b3a51f5a7"],
  ["Package.id?: (some Leibniz)", "a21a55fee1a85f58"],
  ["Module.leanArgs: #[]", "00000000000006bb"]],
 "depHash": "ce7719b7833e5610"}