{"synthetic": false,
 "schemaVersion": "2025-09-10",
 "outputs":
 {"o": ["777d3dfb3a623cb5.olean"],
  "m": false,
  "i": "d752074308e1235d.ilean",
  "c": "d13964c83ffed3c7.c"},
 "log":
 [{"message":
   ".> LEAN_PATH=/home/mega/4Leibniz/.lake/build/lib/lean /home/mega/.elan/toolchains/leanprover--lean4---v4.33.1/bin/lean /home/mega/4Leibniz/Leibniz/LexContinuitatis.lean -o /home/mega/4Leibniz/.lake/build/lib/lean/Leibniz/LexContinuitatis.olean -i /home/mega/4Leibniz/.lake/build/lib/lean/Leibniz/LexContinuitatis.ilean -c /home/mega/4Leibniz/.lake/build/ir/Leibniz/LexContinuitatis.c --setup /home/mega/4Leibniz/.lake/build/ir/Leibniz/LexContinuitatis.setup.json --json",
   "level": "trace"}],
 "inputs":
 [["deps",
   [["Leibniz/Leibniz:extraDep", [["@Leibniz:extraDep", "00000000000006bb"]]],
    ["imports", "00000000000006bb"]]],
  ["libs",
   [["import dynlibs", "00000000000006bb"],
    ["package external libraries", "00000000000006bb"],
    ["module dynlibs", "00000000000006bb"],
    ["module plugins", "00000000000006bb"]]],
  ["Lean 4.33.1, commit 819816b2e0a3bf405af45ae5c7af2491d8f5bee6",
   "0051240b7c23c453"],
  ["/home/mega/4Leibniz/Leibniz/LexContinuitatis.lean", "87323bc658ba56c2"],
  ["options", "00000000000006bb"],
  ["isModule: false", "feefd2a0d3a1847e"],
  ["Module.name: Leibniz.LexContinuitatis", "65f46e1c6a3719b8"],
  ["Package.id?: (some Leibniz)", "a21a55fee1a85f58"],
  ["Module.leanArgs: #[]", "00000000000006bb"]],
 "depHash": "05fe0644c05810af"}