{"synthetic": false,
 "schemaVersion": "2025-09-10",
 "outputs":
 {"o": ["dc949fec047f14c9.olean"],
  "m": false,
  "i": "ada7c0bd09061a28.ilean",
  "c": "06f3f4bf74bf746f.c"},
 "log":
 [{"message":
   ".> LEAN_PATH=/home/mega/4Leibniz/.lake/build/lib/lean /home/mega/.elan/toolchains/leanprover--lean4---v4.33.1/bin/lean /home/mega/4Leibniz/Leibniz/SpatiumRelativum.lean -o /home/mega/4Leibniz/.lake/build/lib/lean/Leibniz/SpatiumRelativum.olean -i /home/mega/4Leibniz/.lake/build/lib/lean/Leibniz/SpatiumRelativum.ilean -c /home/mega/4Leibniz/.lake/build/ir/Leibniz/SpatiumRelativum.c --setup /home/mega/4Leibniz/.lake/build/ir/Leibniz/SpatiumRelativum.setup.json --json",
   "level": "trace"}],
 "inputs":
 [["deps",
   [["Leibniz/Leibniz:extraDep", [["@Leibniz:extraDep", "00000000000006bb"]]],
    ["imports",
     [["Leibniz.Characteristica transitive imports (legacy)",
       "00000000000006bb"],
      ["Leibniz.Characteristica:importAllArts", "634a6e2cf38d7106"]]]]],
  ["libs",
   [["import dynlibs", "00000000000006bb"],
    ["package external libraries", "00000000000006bb"],
    ["module dynlibs", "00000000000006bb"],
    ["module plugins", "00000000000006bb"]]],
  ["Lean 4.33.1, commit 819816b2e0a3bf405af45ae5c7af2491d8f5bee6",
   "0051240b7c23c453"],
  ["/home/mega/4Leibniz/Leibniz/SpatiumRelativum.lean", "2349fa30e1fecea7"],
  ["options", "00000000000006bb"],
  ["isModule: false", "feefd2a0d3a1847e"],
  ["Module.name: Leibniz.SpatiumRelativum", "22715251104caa20"],
  ["Package.id?: (some Leibniz)", "a21a55fee1a85f58"],
  ["Module.leanArgs: #[]", "00000000000006bb"]],
 "depHash": "3d17afbccf5df07b"}